line 1
line 2
  IUS ENTER-1
  ius ENTER-2<
line 3
line 4
* line 5
  <h1>__H1H1__One -Two -Three </h1><!--{-->
    <div>__DIV_DIV__</div>
    after H1      <
  <!--}-->
line 6
line 7

  <h1>XXX</h1><!--{-->
    <div>YYYY</div>
    ZZZZ
  <!--}-->

line 8
     Space intentionally left blank
  EnEnEnTop [first]
  EnEnEnBottom [second third]
     One ,Two ,Three ,  <
